
> neuroplay-frontend@1.0.0 test
> react-scripts test --passWithNoTests --watchAll=false --verbose

  console.log
    Ô£à StorageManager inicializado

      at StorageManager.initialize (src/features/achievements/services/StorageManager.js:37:15)

  console.log
    Ô£à Dados salvos com sucesso

      at StorageManager.save (src/features/achievements/services/StorageManager.js:153:15)

node.exe : FAIL src/shared/utils/__tests__/audioManager.test.js
No linha:1 caractere:1
+ & "C:\Program Files\nodejs/node.exe" "C:\Program 
Files\nodejs/node_mo ...
+ ~~~~~~~~~~~~~~~~~~~~~~~~~~~~~~~~~~~~~~~~~~~~~~~~~~~~~~~~~~~~~~
~~~~~~~
    + CategoryInfo          : NotSpecified: (FAIL src/shared... 
   Manager.test.js:String) [], RemoteException
    + FullyQualifiedErrorId : NativeCommandError
 
  AudioManager
    initialization
      ├ù should create instance (3 ms)
      ├ù should have default volume (1 ms)
    playSound
      ├ù should play sound (1 ms)
      ├ù should handle errors gracefully (1 ms)
    setVolume
      ├ù should set volume
      ├ù should clamp volume between 0 and 1 (1 ms)
    stopAll
      ├ù should stop all sounds

  ÔùÅ AudioManager ÔÇ║ initialization ÔÇ║ should create instance

    TypeError: _audioManager.default is not a constructor

    [0m [90m  9 |[39m
     [90m 10 |[39m   beforeEach(() [33m=>[39m {
    [31m[1m>[22m[39m[90m 11 |[39m     audioManager 
[33m=[39m [36mnew[39m [33mAudioManager[39m()[33m;[39m
     [90m    |[39m                    [31m[1m^[22m[39m
     [90m 12 |[39m     [90m// Mock Audio API[39m
     [90m 13 |[39m     global[33m.[39m[33mAudio[39m 
[33m=[39m jest[33m.[39mfn()[33m.[39mmockImplementation(() 
[33m=>[39m ({
     [90m 14 |[39m       play[33m:[39m jest[33m.[39mfn()[
33m.[39mmockResolvedValue(undefined)[33m,[39m[0m

      at Object.<anonymous> 
(src/shared/utils/__tests__/audioManager.test.js:11:20)

  ÔùÅ AudioManager ÔÇ║ initialization ÔÇ║ should have default 
volume

    TypeError: _audioManager.default is not a constructor

    [0m [90m  9 |[39m
     [90m 10 |[39m   beforeEach(() [33m=>[39m {
    [31m[1m>[22m[39m[90m 11 |[39m     audioManager 
[33m=[39m [36mnew[39m [33mAudioManager[39m()[33m;[39m
     [90m    |[39m                    [31m[1m^[22m[39m
     [90m 12 |[39m     [90m// Mock Audio API[39m
     [90m 13 |[39m     global[33m.[39m[33mAudio[39m 
[33m=[39m jest[33m.[39mfn()[33m.[39mmockImplementation(() 
[33m=>[39m ({
     [90m 14 |[39m       play[33m:[39m jest[33m.[39mfn()[
33m.[39mmockResolvedValue(undefined)[33m,[39m[0m

      at Object.<anonymous> 
(src/shared/utils/__tests__/audioManager.test.js:11:20)

  ÔùÅ AudioManager ÔÇ║ playSound ÔÇ║ should play sound

    TypeError: _audioManager.default is not a constructor

    [0m [90m  9 |[39m
     [90m 10 |[39m   beforeEach(() [33m=>[39m {
    [31m[1m>[22m[39m[90m 11 |[39m     audioManager 
[33m=[39m [36mnew[39m [33mAudioManager[39m()[33m;[39m
     [90m    |[39m                    [31m[1m^[22m[39m
     [90m 12 |[39m     [90m// Mock Audio API[39m
     [90m 13 |[39m     global[33m.[39m[33mAudio[39m 
[33m=[39m jest[33m.[39mfn()[33m.[39mmockImplementation(() 
[33m=>[39m ({
     [90m 14 |[39m       play[33m:[39m jest[33m.[39mfn()[
33m.[39mmockResolvedValue(undefined)[33m,[39m[0m

      at Object.<anonymous> 
(src/shared/utils/__tests__/audioManager.test.js:11:20)

  ÔùÅ AudioManager ÔÇ║ playSound ÔÇ║ should handle errors 
gracefully

    TypeError: _audioManager.default is not a constructor

    [0m [90m  9 |[39m
     [90m 10 |[39m   beforeEach(() [33m=>[39m {
    [31m[1m>[22m[39m[90m 11 |[39m     audioManager 
[33m=[39m [36mnew[39m [33mAudioManager[39m()[33m;[39m
     [90m    |[39m                    [31m[1m^[22m[39m
     [90m 12 |[39m     [90m// Mock Audio API[39m
     [90m 13 |[39m     global[33m.[39m[33mAudio[39m 
[33m=[39m jest[33m.[39mfn()[33m.[39mmockImplementation(() 
[33m=>[39m ({
     [90m 14 |[39m       play[33m:[39m jest[33m.[39mfn()[
33m.[39mmockResolvedValue(undefined)[33m,[39m[0m

      at Object.<anonymous> 
(src/shared/utils/__tests__/audioManager.test.js:11:20)

  ÔùÅ AudioManager ÔÇ║ setVolume ÔÇ║ should set volume

    TypeError: _audioManager.default is not a constructor

    [0m [90m  9 |[39m
     [90m 10 |[39m   beforeEach(() [33m=>[39m {
    [31m[1m>[22m[39m[90m 11 |[39m     audioManager 
[33m=[39m [36mnew[39m [33mAudioManager[39m()[33m;[39m
     [90m    |[39m                    [31m[1m^[22m[39m
     [90m 12 |[39m     [90m// Mock Audio API[39m
     [90m 13 |[39m     global[33m.[39m[33mAudio[39m 
[33m=[39m jest[33m.[39mfn()[33m.[39mmockImplementation(() 
[33m=>[39m ({
     [90m 14 |[39m       play[33m:[39m jest[33m.[39mfn()[
33m.[39mmockResolvedValue(undefined)[33m,[39m[0m

      at Object.<anonymous> 
(src/shared/utils/__tests__/audioManager.test.js:11:20)

  ÔùÅ AudioManager ÔÇ║ setVolume ÔÇ║ should clamp volume 
between 0 and 1

    TypeError: _audioManager.default is not a constructor

    [0m [90m  9 |[39m
     [90m 10 |[39m   beforeEach(() [33m=>[39m {
    [31m[1m>[22m[39m[90m 11 |[39m     audioManager 
[33m=[39m [36mnew[39m [33mAudioManager[39m()[33m;[39m
     [90m    |[39m                    [31m[1m^[22m[39m
     [90m 12 |[39m     [90m// Mock Audio API[39m
     [90m 13 |[39m     global[33m.[39m[33mAudio[39m 
[33m=[39m jest[33m.[39mfn()[33m.[39mmockImplementation(() 
[33m=>[39m ({
     [90m 14 |[39m       play[33m:[39m jest[33m.[39mfn()[
33m.[39mmockResolvedValue(undefined)[33m,[39m[0m

      at Object.<anonymous> 
(src/shared/utils/__tests__/audioManager.test.js:11:20)

  ÔùÅ AudioManager ÔÇ║ stopAll ÔÇ║ should stop all sounds

    TypeError: _audioManager.default is not a constructor

    [0m [90m  9 |[39m
     [90m 10 |[39m   beforeEach(() [33m=>[39m {
    [31m[1m>[22m[39m[90m 11 |[39m     audioManager 
[33m=[39m [36mnew[39m [33mAudioManager[39m()[33m;[39m
     [90m    |[39m                    [31m[1m^[22m[39m
     [90m 12 |[39m     [90m// Mock Audio API[39m
     [90m 13 |[39m     global[33m.[39m[33mAudio[39m 
[33m=[39m jest[33m.[39mfn()[33m.[39mmockImplementation(() 
[33m=>[39m ({
     [90m 14 |[39m       play[33m:[39m jest[33m.[39mfn()[
33m.[39mmockResolvedValue(undefined)[33m,[39m[0m

      at Object.<anonymous> 
(src/shared/utils/__tests__/audioManager.test.js:11:20)

  console.log
    Ô£à Dados carregados com sucesso

      at StorageManager.load (src/features/achievements/services/StorageManager.js:188:15)

  console.log
    Ô£à Dados carregados com sucesso

      at StorageManager.load (src/features/achievements/services/StorageManager.js:188:15)

  console.log
    Ô£à Dados removidos com sucesso

      at StorageManager.clear (src/features/achievements/services/StorageManager.js:243:15)

  console.log
    Ôä╣´©Å Nenhum dado salvo encontrado

      at StorageManager.load (src/features/achievements/services/StorageManager.js:176:17)

FAIL src/shared/utils/__tests__/errorCascadeDetector.test.js
  ErrorCascadeDetector
    initialization
      ├ù should create instance (3 ms)
      ├ù should have empty error history (1 ms)
    recordError
      ├ù should record error (1 ms)
      ├ù should record multiple errors (1 ms)
    detectCascade
      ├ù should detect error cascade
      ├ù should not detect cascade with few errors
    clear
      ├ù should clear error history
    getErrorCount
      ├ù should return error count

  ÔùÅ ErrorCascadeDetector ÔÇ║ initialization ÔÇ║ should create 
instance

    TypeError: _errorCascadeDetector.default is not a 
constructor

    [0m [90m  9 |[39m
     [90m 10 |[39m   beforeEach(() [33m=>[39m {
    [31m[1m>[22m[39m[90m 11 |[39m     detector 
[33m=[39m [36mnew[39m 
[33mErrorCascadeDetector[39m()[33m;[39m
     [90m    |[39m                [31m[1m^[22m[39m
     [90m 12 |[39m     
jest[33m.[39museFakeTimers()[33m;[39m
     [90m 13 |[39m   })[33m;[39m
     [90m 14 |[39m[0m

      at Object.<anonymous> 
(src/shared/utils/__tests__/errorCascadeDetector.test.js:11:16)

  ÔùÅ ErrorCascadeDetector ÔÇ║ initialization ÔÇ║ should have 
empty error history

    TypeError: _errorCascadeDetector.default is not a 
constructor

    [0m [90m  9 |[39m
     [90m 10 |[39m   beforeEach(() [33m=>[39m {
    [31m[1m>[22m[39m[90m 11 |[39m     detector 
[33m=[39m [36mnew[39m 
[33mErrorCascadeDetector[39m()[33m;[39m
     [90m    |[39m                [31m[1m^[22m[39m
     [90m 12 |[39m     
jest[33m.[39museFakeTimers()[33m;[39m
     [90m 13 |[39m   })[33m;[39m
     [90m 14 |[39m[0m

      at Object.<anonymous> 
(src/shared/utils/__tests__/errorCascadeDetector.test.js:11:16)

  ÔùÅ ErrorCascadeDetector ÔÇ║ recordError ÔÇ║ should record 
error

    TypeError: _errorCascadeDetector.default is not a 
constructor

    [0m [90m  9 |[39m
     [90m 10 |[39m   beforeEach(() [33m=>[39m {
    [31m[1m>[22m[39m[90m 11 |[39m     detector 
[33m=[39m [36mnew[39m 
[33mErrorCascadeDetector[39m()[33m;[39m
     [90m    |[39m                [31m[1m^[22m[39m
     [90m 12 |[39m     
jest[33m.[39museFakeTimers()[33m;[39m
     [90m 13 |[39m   })[33m;[39m
     [90m 14 |[39m[0m

      at Object.<anonymous> 
(src/shared/utils/__tests__/errorCascadeDetector.test.js:11:16)

  ÔùÅ ErrorCascadeDetector ÔÇ║ recordError ÔÇ║ should record 
multiple errors

    TypeError: _errorCascadeDetector.default is not a 
constructor

    [0m [90m  9 |[39m
     [90m 10 |[39m   beforeEach(() [33m=>[39m {
    [31m[1m>[22m[39m[90m 11 |[39m     detector 
[33m=[39m [36mnew[39m 
[33mErrorCascadeDetector[39m()[33m;[39m
     [90m    |[39m                [31m[1m^[22m[39m
     [90m 12 |[39m     
jest[33m.[39museFakeTimers()[33m;[39m
     [90m 13 |[39m   })[33m;[39m
     [90m 14 |[39m[0m

      at Object.<anonymous> 
(src/shared/utils/__tests__/errorCascadeDetector.test.js:11:16)

  ÔùÅ ErrorCascadeDetector ÔÇ║ detectCascade ÔÇ║ should detect 
error cascade

    TypeError: _errorCascadeDetector.default is not a 
constructor

    [0m [90m  9 |[39m
     [90m 10 |[39m   beforeEach(() [33m=>[39m {
    [31m[1m>[22m[39m[90m 11 |[39m     detector 
[33m=[39m [36mnew[39m 
[33mErrorCascadeDetector[39m()[33m;[39m
     [90m    |[39m                [31m[1m^[22m[39m
     [90m 12 |[39m     
jest[33m.[39museFakeTimers()[33m;[39m
     [90m 13 |[39m   })[33m;[39m
     [90m 14 |[39m[0m

      at Object.<anonymous> 
(src/shared/utils/__tests__/errorCascadeDetector.test.js:11:16)

  ÔùÅ ErrorCascadeDetector ÔÇ║ detectCascade ÔÇ║ should not 
detect cascade with few errors

    TypeError: _errorCascadeDetector.default is not a 
constructor

    [0m [90m  9 |[39m
     [90m 10 |[39m   beforeEach(() [33m=>[39m {
    [31m[1m>[22m[39m[90m 11 |[39m     detector 
[33m=[39m [36mnew[39m 
[33mErrorCascadeDetector[39m()[33m;[39m
  console.log
    Ôä╣´©Å Nenhum dado salvo encontrado

      at StorageManager.load (src/features/achievements/services/StorageManager.js:176:17)

     [90m    |[39m                [31m[1m^[22m[39m
     [90m 12 |[39m     
jest[33m.[39museFakeTimers()[33m;[39m
     [90m 13 |[39m   })[33m;[39m
     [90m 14 |[39m[0m

      at Object.<anonymous> 
(src/shared/utils/__tests__/errorCascadeDetector.test.js:11:16)

  ÔùÅ ErrorCascadeDetector ÔÇ║ clear ÔÇ║ should clear error 
history

    TypeError: _errorCascadeDetector.default is not a 
constructor

    [0m [90m  9 |[39m
     [90m 10 |[39m   beforeEach(() [33m=>[39m {
    [31m[1m>[22m[39m[90m 11 |[39m     detector 
[33m=[39m [36mnew[39m 
[33mErrorCascadeDetector[39m()[33m;[39m
     [90m    |[39m                [31m[1m^[22m[39m
     [90m 12 |[39m     
jest[33m.[39museFakeTimers()[33m;[39m
     [90m 13 |[39m   })[33m;[39m
     [90m 14 |[39m[0m

      at Object.<anonymous> 
(src/shared/utils/__tests__/errorCascadeDetector.test.js:11:16)

  ÔùÅ ErrorCascadeDetector ÔÇ║ getErrorCount ÔÇ║ should return 
error count

    TypeError: _errorCascadeDetector.default is not a 
constructor

    [0m [90m  9 |[39m
     [90m 10 |[39m   beforeEach(() [33m=>[39m {
    [31m[1m>[22m[39m[90m 11 |[39m     detector 
[33m=[39m [36mnew[39m 
[33mErrorCascadeDetector[39m()[33m;[39m
     [90m    |[39m                [31m[1m^[22m[39m
     [90m 12 |[39m     
jest[33m.[39museFakeTimers()[33m;[39m
     [90m 13 |[39m   })[33m;[39m
     [90m 14 |[39m[0m

      at Object.<anonymous> 
(src/shared/utils/__tests__/errorCascadeDetector.test.js:11:16)

PASS src/store/__tests__/gameStore.test.js
  GameStore
    initialization
      ÔêÜ should have initial state (5 ms)
    setUser
      ÔêÜ should set user (3 ms)
    setGameState
      ÔêÜ should set game state (1 ms)
    resetStore
      ÔêÜ should reset store (1 ms)

  console.log
    Ôä╣´©Å Nenhum dado salvo encontrado

      at StorageManager.load (src/features/achievements/services/StorageManager.js:176:17)

  console.log
    Ô£à Dados salvos com sucesso

      at StorageManager.save (src/features/achievements/services/StorageManager.js:153:15)

FAIL src/features/achievements/services/__tests__/NotificationMa
nager.test.js
  NotificationManager
    initialization
      ÔêÜ should create instance (5 ms)
      ├ù should have empty notifications (6 ms)
    show
      ├ù should show notification (31 ms)
      ├ù should add multiple notifications (12 ms)
    hide
      ├ù should hide notification (22 ms)
    clear
      ├ù should clear all notifications (8 ms)
    getAll
      ├ù should return all notifications (6 ms)

  ÔùÅ NotificationManager ÔÇ║ initialization ÔÇ║ should have 
empty notifications

    expect(received).toEqual(expected) // deep equality

    Expected: []
    Received: undefined

    [0m [90m 22 |[39m
     [90m 23 |[39m     it([32m'should have empty 
notifications'[39m[33m,[39m () [33m=>[39m {
    [31m[1m>[22m[39m[90m 24 |[39m       expect(manager[33
m.[39mnotifications)[33m.[39mtoEqual([])[33m;[39m
     [90m    |[39m                                     
[31m[1m^[22m[39m
     [90m 25 |[39m     })[33m;[39m
     [90m 26 |[39m   })[33m;[39m
     [90m 27 |[39m[0m

      at Object.<anonymous> (src/features/achievements/services/
__tests__/NotificationManager.test.js:24:37)

  ÔùÅ NotificationManager ÔÇ║ show ÔÇ║ should show notification

    TypeError: Cannot read properties of undefined (reading 
'length')

    [0m [90m 35 |[39m       
     [90m 36 |[39m       
manager[33m.[39mshow(notification)[33m;[39m
    [31m[1m>[22m[39m[90m 37 |[39m       expect(manager[33
m.[39mnotifications[33m.[39mlength)[33m.[39mtoBe([35m1[39
m)[33m;[39m
     [90m    |[39m                                    
[31m[1m^[22m[39m
     [90m 38 |[39m     })[33m;[39m
     [90m 39 |[39m
     [90m 40 |[39m     it([32m'should add multiple 
notifications'[39m[33m,[39m () [33m=>[39m {[0m

      at Object.<anonymous> (src/features/achievements/services/
__tests__/NotificationManager.test.js:37:36)

  ÔùÅ NotificationManager ÔÇ║ show ÔÇ║ should add multiple 
notifications

    TypeError: Cannot read properties of undefined (reading 
'length')

    [0m [90m 41 |[39m       manager[33m.[39mshow({ 
id[33m:[39m [32m'1'[39m[33m,[39m title[33m:[39m 
[32m'Test 1'[39m })[33m;[39m
     [90m 42 |[39m       manager[33m.[39mshow({ 
id[33m:[39m [32m'2'[39m[33m,[39m title[33m:[39m 
[32m'Test 2'[39m })[33m;[39m
    [31m[1m>[22m[39m[90m 43 |[39m       expect(manager[33
m.[39mnotifications[33m.[39mlength)[33m.[39mtoBe([35m2[39
m)[33m;[39m
     [90m    |[39m                                    
[31m[1m^[22m[39m
     [90m 44 |[39m     })[33m;[39m
     [90m 45 |[39m   })[33m;[39m
     [90m 46 |[39m[0m

      at Object.<anonymous> (src/features/achievements/services/
__tests__/NotificationManager.test.js:43:36)

  ÔùÅ NotificationManager ÔÇ║ hide ÔÇ║ should hide notification

    TypeError: manager.hide is not a function

    [0m [90m 48 |[39m     it([32m'should hide 
notification'[39m[33m,[39m () [33m=>[39m {
     [90m 49 |[39m       manager[33m.[39mshow({ 
id[33m:[39m [32m'test'[39m[33m,[39m title[33m:[39m 
[32m'Test'[39m })[33m;[39m
    [31m[1m>[22m[39m[90m 50 |[39m       
manager[33m.[39mhide([32m'test'[39m)[33m;[39m
     [90m    |[39m               [31m[1m^[22m[39m
     [90m 51 |[39m       expect(manager[33m.[39mnotification
s[33m.[39mlength)[33m.[39mtoBe([35m0[39m)[33m;[39m
     [90m 52 |[39m     })[33m;[39m
     [90m 53 |[39m   })[33m;[39m[0m

      at Object.<anonymous> (src/features/achievements/services/
__tests__/NotificationManager.test.js:50:15)

  ÔùÅ NotificationManager ÔÇ║ clear ÔÇ║ should clear all 
notifications

    TypeError: Cannot read properties of undefined (reading 
'length')

    [0m [90m 58 |[39m       manager[33m.[39mshow({ 
id[33m:[39m [32m'2'[39m[33m,[39m title[33m:[39m 
[32m'Test 2'[39m })[33m;[39m
     [90m 59 |[39m       manager[33m.[39mclear()[33m;[39m
    [31m[1m>[22m[39m[90m 60 |[39m       expect(manager[33
m.[39mnotifications[33m.[39mlength)[33m.[39mtoBe([35m0[39
m)[33m;[39m
     [90m    |[39m                                    
[31m[1m^[22m[39m
     [90m 61 |[39m     })[33m;[39m
     [90m 62 |[39m   })[33m;[39m
     [90m 63 |[39m[0m

      at Object.<anonymous> (src/features/achievements/services/
__tests__/NotificationManager.test.js:60:36)

  ÔùÅ NotificationManager ÔÇ║ getAll ÔÇ║ should return all 
notifications

    TypeError: manager.getAll is not a function

    [0m [90m 66 |[39m       manager[33m.[39mshow({ 
id[33m:[39m [32m'1'[39m[33m,[39m title[33m:[39m 
[32m'Test 1'[39m })[33m;[39m
     [90m 67 |[39m       manager[33m.[39mshow({ 
id[33m:[39m [32m'2'[39m[33m,[39m title[33m:[39m 
[32m'Test 2'[39m })[33m;[39m
    [31m[1m>[22m[39m[90m 68 |[39m       [36mconst[39m 
all [33m=[39m manager[33m.[39mgetAll()[33m;[39m
     [90m    |[39m                           
[31m[1m^[22m[39m
     [90m 69 |[39m       expect(all[33m.[39mlength)[33m.[3
9mtoBe([35m2[39m)[33m;[39m
     [90m 70 |[39m     })[33m;[39m
     [90m 71 |[39m   })[33m;[39m[0m

      at Object.<anonymous> (src/features/achievements/services/
__tests__/NotificationManager.test.js:68:27)

FAIL src/features/achievements/services/__tests__/StorageManager
.test.js
  StorageManager
    initialization
      ÔêÜ should create instance (5 ms)
      ÔêÜ should initialize successfully (84 ms)
    save
      ├ù should save data (8 ms)
      ÔêÜ should validate data before saving (2 ms)
    load
      ÔêÜ should load data (5 ms)
      ├ù should return null if no data (7 ms)
    clear
      ├ù should clear data (5 ms)
    export
      ├ù should export data (5 ms)
    validate
      ÔêÜ should validate correct data (2 ms)
      ÔêÜ should reject invalid data (2 ms)
    getAchievementProgress
      ÔêÜ should get achievement progress (16 ms)
    unlockAchievement
      ÔêÜ should unlock achievement (16 ms)

  ÔùÅ StorageManager ÔÇ║ save ÔÇ║ should save data

    expect(jest.fn()).toHaveBeenCalled()

    Expected number of calls: >= 1
    Received number of calls:    0

    [0m [90m 43 |[39m       [36mconst[39m result 
[33m=[39m storage[33m.[39msave(data)[33m;[39m
     [90m 44 |[39m       
expect(result)[33m.[39mtoBe([36mtrue[39m)[33m;[39m
    [31m[1m>[22m[39m[90m 45 |[39m       expect(mockLocalSt
orage[33m.[39msetItem)[33m.[39mtoHaveBeenCalled()[33m;[39m
     [90m    |[39m                                        
[31m[1m^[22m[39m
     [90m 46 |[39m     })[33m;[39m
     [90m 47 |[39m
     [90m 48 |[39m     it([32m'should validate data before 
saving'[39m[33m,[39m () [33m=>[39m {[0m

      at Object.<anonymous> (src/features/achievements/services/
__tests__/StorageManager.test.js:45:40)

  ÔùÅ StorageManager ÔÇ║ load ÔÇ║ should return null if no data

    expect(received).toBeNull()

    Received: {"achievements": {}, "stats": {}}

    [0m [90m 69 |[39m       mockLocalStorage[33m.[39mgetIte
m[33m.[39mmockReturnValue([36mnull[39m)[33m;[39m
     [90m 70 |[39m       [36mconst[39m data [33m=[39m 
storage[33m.[39mload()[33m;[39m
    [31m[1m>[22m[39m[90m 71 |[39m       
expect(data)[33m.[39mtoBeNull()[33m;[39m
     [90m    |[39m                    [31m[1m^[22m[39m
     [90m 72 |[39m     })[33m;[39m
     [90m 73 |[39m   })[33m;[39m
     [90m 74 |[39m[0m

      at Object.<anonymous> (src/features/achievements/services/
__tests__/StorageManager.test.js:71:20)

  ÔùÅ StorageManager ÔÇ║ clear ÔÇ║ should clear data

    expect(jest.fn()).toHaveBeenCalled()

    Expected number of calls: >= 1
    Received number of calls:    0

    [0m [90m 77 |[39m       [36mconst[39m result 
[33m=[39m storage[33m.[39mclear()[33m;[39m
     [90m 78 |[39m       
expect(result)[33m.[39mtoBe([36mtrue[39m)[33m;[39m
    [31m[1m>[22m[39m[90m 79 |[39m       expect(mockLocalSt
orage[33m.[39mremoveItem)[33m.[39mtoHaveBeenCalled()[33m;[
39m
     [90m    |[39m                                           
[31m[1m^[22m[39m
     [90m 80 |[39m     })[33m;[39m
     [90m 81 |[39m   })[33m;[39m
     [90m 82 |[39m[0m

      at Object.<anonymous> (src/features/achievements/services/
__tests__/StorageManager.test.js:79:43)

  ÔùÅ StorageManager ÔÇ║ export ÔÇ║ should export data

    TypeError: Cannot read properties of null (reading 'format')

    [0m [90m 92 |[39m       [36mconst[39m exported 
[33m=[39m storage[33m.[39m[36mexport[39m()[33m;[39m
     [90m 93 |[39m       
expect(exported)[33m.[39mtoBeDefined()[33m;[39m
    [31m[1m>[22m[39m[90m 94 |[39m       expect(exported[3
3m.[39mformat)[33m.[39mtoBe([32m'JSON'[39m)[33m;[39m
     [90m    |[39m                       [31m[1m^[22m[39m
     [90m 95 |[39m       expect(exported[33m.[39mstandard)[
33m.[39mtoBe([32m'LGPD'[39m)[33m;[39m
     [90m 96 |[39m     })[33m;[39m
     [90m 97 |[39m   })[33m;[39m[0m

      at Object.<anonymous> (src/features/achievements/services/
__tests__/StorageManager.test.js:94:23)

  console.log
    [AchievementSystem] Initialized successfully

      at AchievementSystem.initialize (src/features/achievements/services/AchievementSystem.js:33:15)

  console.log
    [AchievementSystem] Initialized successfully

      at AchievementSystem.initialize (src/features/achievements/services/AchievementSystem.js:33:15)

  console.log
    [AchievementSystem] Initialized successfully

      at AchievementSystem.initialize (src/features/achievements/services/AchievementSystem.js:33:15)

  console.log
    [AchievementSystem] Initialized successfully

      at AchievementSystem.initialize (src/features/achievements/services/AchievementSystem.js:33:15)

  console.log
    [AchievementSystem] Initialized successfully

      at AchievementSystem.initialize (src/features/achievements/services/AchievementSystem.js:33:15)

  console.log
    [AchievementSystem] Initialized successfully

      at AchievementSystem.initialize (src/features/achievements/services/AchievementSystem.js:33:15)

  console.log
    [AchievementSystem] Initialized successfully

      at AchievementSystem.initialize (src/features/achievements/services/AchievementSystem.js:33:15)

  console.log
    [AchievementSystem] Achievement unlocked: Test

      at AchievementSystem._unlockAchievement (src/features/achievements/services/AchievementSystem.js:135:13)

  console.log
    [AchievementSystem] Initialized successfully

      at AchievementSystem.initialize (src/features/achievements/services/AchievementSystem.js:33:15)

  console.log
    [AchievementSystem] Initialized successfully

      at AchievementSystem.initialize (src/features/achievements/services/AchievementSystem.js:33:15)

  console.log
    [AchievementSystem] Achievement unlocked: Test Achievement

      at AchievementSystem._unlockAchievement (src/features/achievements/services/AchievementSystem.js:135:13)

  console.log
    [AchievementSystem] Initialized successfully

      at AchievementSystem.initialize (src/features/achievements/services/AchievementSystem.js:33:15)

  console.log
    [AchievementSystem] Initialized successfully

      at AchievementSystem.initialize (src/features/achievements/services/AchievementSystem.js:33:15)

  console.log
    [AchievementSystem] Initialized successfully

      at AchievementSystem.initialize (src/features/achievements/services/AchievementSystem.js:33:15)

  console.log
    [AchievementSystem] Initialized successfully

      at AchievementSystem.initialize (src/features/achievements/services/AchievementSystem.js:33:15)

  console.log
    [AchievementSystem] Initialized successfully

      at AchievementSystem.initialize (src/features/achievements/services/AchievementSystem.js:33:15)

  console.log
    [AchievementSystem] Initialized successfully

      at AchievementSystem.initialize (src/features/achievements/services/AchievementSystem.js:33:15)

  console.log
    [AchievementSystem] Initialized successfully

      at AchievementSystem.initialize (src/features/achievements/services/AchievementSystem.js:33:15)

  console.log
    [AchievementSystem] Initialized successfully

      at AchievementSystem.initialize (src/features/achievements/services/AchievementSystem.js:33:15)

  console.log
    [AchievementSystem] Initialized successfully

      at AchievementSystem.initialize (src/features/achievements/services/AchievementSystem.js:33:15)

  console.log
    [AchievementSystem] Initialized successfully

      at AchievementSystem.initialize (src/features/achievements/services/AchievementSystem.js:33:15)

  console.log
    [AchievementSystem] Initialized successfully

      at AchievementSystem.initialize (src/features/achievements/services/AchievementSystem.js:33:15)

  console.log
    [AchievementSystem] Initialized successfully

      at AchievementSystem.initialize (src/features/achievements/services/AchievementSystem.js:33:15)

  console.log
    [AchievementSystem] Initialized successfully

      at AchievementSystem.initialize (src/features/achievements/services/AchievementSystem.js:33:15)

  console.log
    [AchievementSystem] All achievements reset

      at AchievementSystem.reset (src/features/achievements/services/AchievementSystem.js:221:13)

  console.log
    [AchievementSystem] Initialized successfully

      at AchievementSystem.initialize (src/features/achievements/services/AchievementSystem.js:33:15)

  console.log
    [AchievementSystem] All achievements reset

      at AchievementSystem.reset (src/features/achievements/services/AchievementSystem.js:221:13)

PASS src/features/achievements/services/__tests__/AchievementSys
tem.test.js
  AchievementSystem
    singleton pattern
      ÔêÜ should return same instance (5 ms)
    initialize
      ÔêÜ should initialize successfully (93 ms)
      ÔêÜ should not initialize twice (3 ms)
      ÔêÜ should handle initialization errors (15 ms)
    _loadAllAchievements
      ÔêÜ should load all achievement definitions (3 ms)
      ÔêÜ should have valid achievement structure (1 ms)
      ÔêÜ should load achievements from all categories
    trackEvent
      ÔêÜ should return empty array if not initialized (2 ms)
      ÔêÜ should handle errors gracefully (3 ms)
      ÔêÜ should track events without errors (2 ms)
    _checkAchievement
      ÔêÜ should not unlock already unlocked achievement (1 ms)
      ÔêÜ should unlock achievement when condition is met (2 ms)
      ÔêÜ should not unlock achievement when condition is not 
met (2 ms)
    _unlockAchievement
      ÔêÜ should unlock achievement and show notification (2 ms)
    getAllAchievements
      ÔêÜ should return all achievements with progress (1 ms)
      ÔêÜ should include progress data (2 ms)
      ÔêÜ should merge achievement definitions with progress (1 
ms)
    getAchievementsByCategory
      ÔêÜ should filter by category (1 ms)
      ÔêÜ should return empty array for invalid category (1 ms)
      ÔêÜ should return all achievements of specified category 
(1 ms)
    getUnlockedAchievements
      ÔêÜ should return only unlocked achievements (2 ms)
      ÔêÜ should return empty array if no achievements unlocked 
(1 ms)
    getStats
      ÔêÜ should return statistics (2 ms)
      ÔêÜ should calculate percentage correctly (1 ms)
      ÔêÜ should calculate total points correctly (2 ms)
      ÔêÜ should handle zero unlocked achievements (1 ms)
    addEventListener
      ÔêÜ should add listener (1 ms)
      ÔêÜ should remove listener on unsubscribe
      ÔêÜ should notify listeners (1 ms)
      ÔêÜ should handle listener errors
      ÔêÜ should notify multiple listeners
    reset
      ÔêÜ should reset all data (2 ms)
      ÔêÜ should clear storage when reset (3 ms)
    _notifyListeners
      ÔêÜ should call all listeners with event data (1 ms)
      ÔêÜ should continue notifying even if one listener fails

PASS src/features/achievements/hooks/__tests__/useAchievements.t
est.js
  useAchievements
    ÔêÜ should initialize with loading state (24 ms)
    ÔêÜ should handle errors (4 ms)

Test Suites: 4 failed, 3 passed, 7 total
Tests:       25 failed, 50 passed, 75 total
Snapshots:   0 total
Time:        4.597 s
Ran all test suites.
